// Jest Snapshot v1, https://goo.gl/fbAQLP

exports[`Table of Contents testing Table of Contents unit tests renders correctly 1`] = `
<Fragment>
  <h3>
    <a
      href="/"
    >
      MongoDB Ecosystem
    </a>
  </h3>
  <ul
    className="current"
  >
    <TOCNode
      activeSection="/"
      key="MongoDB Drivers and ODM"
      level={1}
      node={
        Object {
          "children": Array [
            Object {
              "children": Array [],
              "slug": "/drivers/c",
              "title": "C Driver",
            },
            Object {
              "children": Array [],
              "slug": "/drivers/cxx",
              "title": "C++ Driver",
            },
            Object {
              "children": Array [],
              "slug": "/drivers/csharp",
              "title": "C# and .NET Driver",
            },
            Object {
              "children": Array [],
              "slug": "/drivers/go",
              "title": "Go Driver",
            },
            Object {
              "children": Array [],
              "slug": "/drivers/java",
              "title": "Java Driver",
            },
            Object {
              "children": Array [],
              "slug": "/drivers/node",
              "title": "Node.js Driver",
            },
            Object {
              "children": Array [],
              "slug": "/drivers/perl",
              "title": "Perl Driver",
            },
            Object {
              "children": Array [
                Object {
                  "children": Array [],
                  "slug": "/drivers/php-libaries",
                  "title": "PHP Libraries, Frameworks, and Tools",
                },
              ],
              "slug": "/drivers/php",
              "title": "PHP Driver",
            },
            Object {
              "children": Array [
                Object {
                  "children": Array [],
                  "slug": "/drivers/pymongo.txt",
                  "title": "PyMongo",
                },
                Object {
                  "children": Array [],
                  "slug": "/drivers/motor.txt",
                  "title": "Motor (Async Driver)",
                },
              ],
              "slug": "/drivers/python",
              "title": "Python Drivers",
            },
            Object {
              "children": Array [],
              "title": "Ruby Driver",
              "url": "https://docs.mongodb.com/ruby-driver/current/",
            },
            Object {
              "children": Array [],
              "title": "Mongoid ODM",
              "url": "https://docs.mongodb.com/mongoid/current/",
            },
            Object {
              "children": Array [],
              "slug": "/drivers/scala",
              "title": "Scala Driver",
            },
            Object {
              "children": Array [],
              "slug": "/drivers/community-supported-drivers",
              "title": "Community Supported Drivers Reference",
            },
            Object {
              "children": Array [],
              "slug": "/drivers/specs",
              "title": "MongoDB Drivers Specs",
            },
            Object {
              "children": Array [],
              "slug": "/drivers/driver-compatibility-reference",
              "title": "Driver Compatibility",
            },
          ],
          "slug": "/drivers",
          "title": "MongoDB Drivers and ODM",
        }
      }
      toggleDrawer={[Function]}
    />
    <TOCNode
      activeSection="/"
      key="MongoDB Integration and Tools"
      level={1}
      node={
        Object {
          "children": Array [
            Object {
              "children": Array [],
              "title": "MongoDB Connector for Business Intelligence",
              "url": "https://docs.mongodb.com/bi-connector/current/",
            },
            Object {
              "children": Array [],
              "title": "MongoDB ODBC Driver for BI Connector",
              "url": "https://docs.mongodb.com/bi-connector/current/reference/odbc-driver/",
            },
            Object {
              "children": Array [],
              "slug": "/tools/http-interfaces",
              "title": "HTTP Interface",
            },
          ],
          "slug": "/tools",
          "title": "MongoDB Integration and Tools",
        }
      }
      toggleDrawer={[Function]}
    />
    <TOCNode
      activeSection="/"
      key="Platforms"
      level={1}
      node={
        Object {
          "children": Array [
            Object {
              "children": Array [],
              "slug": "/platforms/amazon-ec2",
              "title": "Amazon EC2",
            },
            Object {
              "children": Array [],
              "slug": "/tutorial/backup-and-restore-mongodb-on-amazon-ec2",
              "title": "EC2 Backup and Restore",
            },
            Object {
              "children": Array [],
              "slug": "/platforms/windows-azure",
              "title": "Microsoft Azure",
            },
            Object {
              "children": Array [],
              "slug": "/platforms/windows",
              "title": "Windows Quick Links and Reference Center",
            },
          ],
          "options": Object {
            "drawer": true,
            "styles": Object {
              "code": "Platforms",
            },
          },
          "slug": "/platforms",
          "title": "Platforms",
        }
      }
      toggleDrawer={[Function]}
    />
    <TOCNode
      activeSection="/"
      key="Use Cases"
      level={1}
      node={
        Object {
          "children": Array [
            Object {
              "children": Array [],
              "slug": "/use-cases/storing-log-data",
              "title": "Storing Log Data",
            },
            Object {
              "children": Array [],
              "slug": "/use-cases/hierarchical-aggregation",
              "title": "Hierarchical Aggregation",
            },
            Object {
              "children": Array [],
              "slug": "/use-cases/product-catalog",
              "title": "Product Catalog",
            },
            Object {
              "children": Array [],
              "slug": "/use-cases/inventory-management",
              "title": "Inventory Management",
            },
            Object {
              "children": Array [],
              "slug": "/use-cases/category-hierarchy",
              "title": "Category Hierarchy",
            },
            Object {
              "children": Array [],
              "slug": "/use-cases/metadata-and-asset-management",
              "title": "Metadata and Asset Management",
            },
            Object {
              "children": Array [],
              "slug": "/use-cases/storing-comments",
              "title": "Storing Comments",
            },
          ],
          "options": Object {
            "drawer": true,
            "styles": Object {
              "strong": "Use Cases",
            },
          },
          "slug": "/use-cases",
          "title": "Use Cases",
        }
      }
      toggleDrawer={[Function]}
    />
  </ul>
</Fragment>
`;
